src/components/Button.tsx(37,9): error TS2339: Property 'iconify-icon' does not exist on type 'JSX.IntrinsicElements'.
src/components/Button.tsx(37,72): error TS2339: Property 'iconify-icon' does not exist on type 'JSX.IntrinsicElements'.
src/components/Input.tsx(19,13): error TS2339: Property 'iconify-icon' does not exist on type 'JSX.IntrinsicElements'.
src/components/Input.tsx(23,14): error TS2339: Property 'iconify-icon' does not exist on type 'JSX.IntrinsicElements'.
src/pages/Login.tsx(60,17): error TS2339: Property 'iconify-icon' does not exist on type 'JSX.IntrinsicElements'.
src/pages/Login.tsx(60,137): error TS2339: Property 'iconify-icon' does not exist on type 'JSX.IntrinsicElements'.
src/pages/Signup.tsx(77,15): error TS2339: Property 'iconify-icon' does not exist on type 'JSX.IntrinsicElements'.
src/pages/Signup.tsx(77,135): error TS2339: Property 'iconify-icon' does not exist on type 'JSX.IntrinsicElements'.
